// Jest Snapshot v1, https://goo.gl/fbAQLP

exports[`HackernewsStoryRow container renders a snapshot 1`] = `<div />`;
