// Jest Snapshot v1, https://goo.gl/fbAQLP

exports[`App container renders a snapshot 1`] = `
<div
  className="app"
>
  <h1
    className="app-header"
  >
    Hello World
  </h1>
</div>
`;
