// Jest Snapshot v1, https://goo.gl/fbAQLP

exports[`LinkIcon container renders a snapshot 1`] = `<svg />`;
